<?xml version="1.0" encoding="UTF-8"?>
<TestRun id="cb9a990d-71c3-473b-aaf5-33c55477ed75" name="silchu@NOTE 2012-04-17 19:54:27" runUser="NOTE\silchu" xmlns="http://microsoft.com/schemas/VisualStudio/TeamTest/2010">
  <TestSettings name="Default Test Settings" id="271d1682-c897-4e9e-b3cd-3f282bab3ecc">
    <Deployment runDeploymentRoot="silchu_NOTE 2012-04-17 19_54_27">
      <DeploymentItem filename="C:\Program Files\NUnit 2.5.10\bin\net-2.0\framework\nunit.framework.dll" />
      <DeploymentItem filename="C:\Users\silchu\documents\visual studio 2010\Projects\DAE-Prode\DAE-Prode\bin\DAE-Prode.dll" />
      <DeploymentItem filename="C:\Program Files\NUnit 2.5.10\bin\net-2.0\framework\nunit.mocks.dll" />
    </Deployment>
    <Execution>
      <TestTypeSpecific />
      <AgentRule name="Execution Agents">
      </AgentRule>
    </Execution>
  </TestSettings>
  <Times creation="2012-04-17T19:54:27.1731537-03:00" queuing="2012-04-17T19:54:30.0653192-03:00" start="2012-04-17T19:54:30.2883319-03:00" finish="2012-04-17T19:54:31.9434266-03:00" />
  <ResultSummary outcome="Completed">
    <Counters total="1" executed="1" passed="1" error="0" failed="0" timeout="0" aborted="0" inconclusive="0" passedButRunAborted="0" notRunnable="0" notExecuted="0" disconnected="0" warning="0" completed="0" inProgress="0" pending="0" />
  </ResultSummary>
  <TestDefinitions>
    <UnitTest name="TestMethod1" storage="c:\users\silchu\documents\visual studio 2010\projects\dae-prode\dae-prode.tests\bin\debug\dae-prode.tests.dll" id="75f16c1a-e515-a0ad-8404-da66183db6e6">
      <Execution id="bfbb43d6-f7ec-4736-865e-3d63c2f624fa" />
      <TestMethod codeBase="C:/Users/silchu/documents/visual studio 2010/Projects/DAE-Prode/DAE-Prode.Tests/bin/Debug/DAE-Prode.Tests.DLL" adapterTypeName="Microsoft.VisualStudio.TestTools.TestTypes.Unit.UnitTestAdapter, Microsoft.VisualStudio.QualityTools.Tips.UnitTest.Adapter, Version=10.0.0.0, Culture=neutral, PublicKeyToken=b03f5f7f11d50a3a" className="DAE_Prode.Tests.UnitTest1, DAE-Prode.Tests, Version=1.0.0.0, Culture=neutral, PublicKeyToken=null" name="TestMethod1" />
    </UnitTest>
  </TestDefinitions>
  <TestLists>
    <TestList name="Results Not in a List" id="8c84fa94-04c1-424b-9868-57a2d4851a1d" />
    <TestList name="All Loaded Results" id="19431567-8539-422a-85d7-44ee4e166bda" />
  </TestLists>
  <TestEntries>
    <TestEntry testId="75f16c1a-e515-a0ad-8404-da66183db6e6" executionId="bfbb43d6-f7ec-4736-865e-3d63c2f624fa" testListId="8c84fa94-04c1-424b-9868-57a2d4851a1d" />
  </TestEntries>
  <Results>
    <UnitTestResult executionId="bfbb43d6-f7ec-4736-865e-3d63c2f624fa" testId="75f16c1a-e515-a0ad-8404-da66183db6e6" testName="TestMethod1" computerName="NOTE" duration="00:00:00.0161037" startTime="2012-04-17T19:54:30.4773427-03:00" endTime="2012-04-17T19:54:31.7804173-03:00" testType="13cdc9d9-ddb5-4fa4-a97d-d965ccfc6d4b" outcome="Passed" testListId="8c84fa94-04c1-424b-9868-57a2d4851a1d" relativeResultsDirectory="bfbb43d6-f7ec-4736-865e-3d63c2f624fa">
    </UnitTestResult>
  </Results>
</TestRun>