<?xml version="1.0" encoding="UTF-8"?>
<TestRun id="c0fb60af-44cd-4f0a-87f6-ce16e04ac3e2" name="silchu@NOTE 2012-04-17 20:01:18" runUser="NOTE\silchu" xmlns="http://microsoft.com/schemas/VisualStudio/TeamTest/2010">
  <TestSettings name="Default Test Settings" id="438962ad-7f08-4755-8d3c-449a2f1c66eb">
    <Deployment runDeploymentRoot="silchu_NOTE 2012-04-17 20_01_18">
      <DeploymentItem filename="C:\Program Files\NUnit 2.5.10\bin\net-2.0\framework\nunit.framework.dll" />
      <DeploymentItem filename="C:\Users\silchu\documents\visual studio 2010\Projects\DAE-Prode\DAE-Prode\bin\DAE-Prode.dll" />
      <DeploymentItem filename="C:\Program Files\NUnit 2.5.10\bin\net-2.0\framework\nunit.mocks.dll" />
    </Deployment>
    <Execution>
      <TestTypeSpecific />
      <AgentRule name="Execution Agents">
      </AgentRule>
    </Execution>
  </TestSettings>
  <Times creation="2012-04-17T20:01:18.9927085-03:00" queuing="2012-04-17T20:01:20.6338023-03:00" start="2012-04-17T20:01:20.7498090-03:00" finish="2012-04-17T20:03:14.5493179-03:00" />
  <ResultSummary outcome="Error">
    <Counters total="3" executed="2" passed="1" error="0" failed="0" timeout="0" aborted="1" inconclusive="0" passedButRunAborted="0" notRunnable="0" notExecuted="1" disconnected="0" warning="0" completed="0" inProgress="0" pending="0" />
    <RunInfos>
      <RunInfo computerName="NOTE" outcome="Error" timestamp="2012-04-17T20:03:14.5433176-03:00">
        <Text>Test host process exited unexpectedly.</Text>
      </RunInfo>
    </RunInfos>
  </ResultSummary>
  <TestDefinitions>
    <UnitTest name="TestMethod1" storage="c:\users\silchu\documents\visual studio 2010\projects\dae-prode\dae-prode.tests\bin\debug\dae-prode.tests.dll" id="75f16c1a-e515-a0ad-8404-da66183db6e6">
      <Execution id="b1cd41b2-a716-4610-97d4-197ed4ce1b7b" />
      <TestMethod codeBase="C:/Users/silchu/documents/visual studio 2010/Projects/DAE-Prode/DAE-Prode.Tests/bin/Debug/DAE-Prode.Tests.DLL" adapterTypeName="Microsoft.VisualStudio.TestTools.TestTypes.Unit.UnitTestAdapter, Microsoft.VisualStudio.QualityTools.Tips.UnitTest.Adapter, Version=10.0.0.0, Culture=neutral, PublicKeyToken=b03f5f7f11d50a3a" className="DAE_Prode.Tests.UnitTest1, DAE-Prode.Tests, Version=1.0.0.0, Culture=neutral, PublicKeyToken=null" name="TestMethod1" />
    </UnitTest>
    <UnitTest name="Index" storage="c:\users\silchu\documents\visual studio 2010\projects\dae-prode\dae-prode.tests\bin\debug\dae-prode.tests.dll" id="4489632b-6ac8-62dc-15c0-186db1c528e5">
      <Execution id="729f526e-bac3-4aad-b436-6cf5baf95b43" />
      <TestMethod codeBase="C:/Users/silchu/documents/visual studio 2010/Projects/DAE-Prode/DAE-Prode.Tests/bin/Debug/DAE-Prode.Tests.DLL" adapterTypeName="Microsoft.VisualStudio.TestTools.TestTypes.Unit.UnitTestAdapter, Microsoft.VisualStudio.QualityTools.Tips.UnitTest.Adapter, Version=10.0.0.0, Culture=neutral, PublicKeyToken=b03f5f7f11d50a3a" className="DAE_Prode.Tests.Controllers.HomeControllerTest, DAE-Prode.Tests, Version=1.0.0.0, Culture=neutral, PublicKeyToken=null" name="Index" />
    </UnitTest>
    <UnitTest name="Reglamento" storage="c:\users\silchu\documents\visual studio 2010\projects\dae-prode\dae-prode.tests\bin\debug\dae-prode.tests.dll" id="a6e09be3-e6ef-26d3-3f2a-1def75c4dcad">
      <Execution id="633a4994-f348-486e-b25b-b05e8f3bdfb4" />
      <TestMethod codeBase="C:/Users/silchu/documents/visual studio 2010/Projects/DAE-Prode/DAE-Prode.Tests/bin/Debug/DAE-Prode.Tests.DLL" adapterTypeName="Microsoft.VisualStudio.TestTools.TestTypes.Unit.UnitTestAdapter, Microsoft.VisualStudio.QualityTools.Tips.UnitTest.Adapter, Version=10.0.0.0, Culture=neutral, PublicKeyToken=b03f5f7f11d50a3a" className="DAE_Prode.Tests.Controllers.HomeControllerTest, DAE-Prode.Tests, Version=1.0.0.0, Culture=neutral, PublicKeyToken=null" name="Reglamento" />
    </UnitTest>
  </TestDefinitions>
  <TestLists>
    <TestList name="Results Not in a List" id="8c84fa94-04c1-424b-9868-57a2d4851a1d" />
    <TestList name="All Loaded Results" id="19431567-8539-422a-85d7-44ee4e166bda" />
  </TestLists>
  <TestEntries>
    <TestEntry testId="75f16c1a-e515-a0ad-8404-da66183db6e6" executionId="b1cd41b2-a716-4610-97d4-197ed4ce1b7b" testListId="8c84fa94-04c1-424b-9868-57a2d4851a1d" />
    <TestEntry testId="4489632b-6ac8-62dc-15c0-186db1c528e5" executionId="729f526e-bac3-4aad-b436-6cf5baf95b43" testListId="8c84fa94-04c1-424b-9868-57a2d4851a1d" />
    <TestEntry testId="a6e09be3-e6ef-26d3-3f2a-1def75c4dcad" executionId="633a4994-f348-486e-b25b-b05e8f3bdfb4" testListId="8c84fa94-04c1-424b-9868-57a2d4851a1d" />
  </TestEntries>
  <Results>
    <UnitTestResult executionId="b1cd41b2-a716-4610-97d4-197ed4ce1b7b" testId="75f16c1a-e515-a0ad-8404-da66183db6e6" testName="TestMethod1" computerName="NOTE" duration="00:00:00.0161278" startTime="2012-04-17T20:01:20.8288135-03:00" endTime="2012-04-17T20:01:21.7358654-03:00" testType="13cdc9d9-ddb5-4fa4-a97d-d965ccfc6d4b" outcome="Passed" testListId="8c84fa94-04c1-424b-9868-57a2d4851a1d" relativeResultsDirectory="b1cd41b2-a716-4610-97d4-197ed4ce1b7b">
    </UnitTestResult>
    <UnitTestResult executionId="729f526e-bac3-4aad-b436-6cf5baf95b43" testId="4489632b-6ac8-62dc-15c0-186db1c528e5" testName="Index" computerName="NOTE" duration="00:01:52.7884512" startTime="2012-04-17T20:01:21.7578666-03:00" endTime="2012-04-17T20:03:14.5463178-03:00" testType="13cdc9d9-ddb5-4fa4-a97d-d965ccfc6d4b" outcome="Aborted" testListId="8c84fa94-04c1-424b-9868-57a2d4851a1d" relativeResultsDirectory="729f526e-bac3-4aad-b436-6cf5baf95b43">
    </UnitTestResult>
    <UnitTestResult executionId="633a4994-f348-486e-b25b-b05e8f3bdfb4" testId="a6e09be3-e6ef-26d3-3f2a-1def75c4dcad" testName="Reglamento" computerName="NOTE" testType="13cdc9d9-ddb5-4fa4-a97d-d965ccfc6d4b" outcome="NotExecuted" testListId="8c84fa94-04c1-424b-9868-57a2d4851a1d" relativeResultsDirectory="633a4994-f348-486e-b25b-b05e8f3bdfb4">
    </UnitTestResult>
  </Results>
</TestRun>