<?xml version="1.0" encoding="UTF-8"?>
<TestRun id="21193a13-e943-4621-9fbe-00ca08ebd9c9" name="silchu@NOTE 2012-04-15 13:20:08" runUser="NOTE\silchu" xmlns="http://microsoft.com/schemas/VisualStudio/TeamTest/2010">
  <TestSettings name="Default Test Settings" id="fb253341-9224-4bc2-95ac-97732fd1c504">
    <Deployment runDeploymentRoot="silchu_NOTE 2012-04-15 13_20_08">
      <DeploymentItem filename="c:\users\silchu\documents\visual studio 2010\Projects\DAE-Prode\DAE-Prode\bin\DAE-Prode.dll" />
    </Deployment>
    <Execution>
      <TestTypeSpecific />
      <AgentRule name="Execution Agents">
      </AgentRule>
    </Execution>
  </TestSettings>
  <Times creation="2012-04-15T13:20:08.3451322-03:00" queuing="2012-04-15T13:20:11.1282914-03:00" start="2012-04-15T13:20:11.2372977-03:00" finish="2012-04-15T13:20:13.2944153-03:00" />
  <ResultSummary outcome="Completed">
    <Counters total="4" executed="4" passed="4" error="0" failed="0" timeout="0" aborted="0" inconclusive="0" passedButRunAborted="0" notRunnable="0" notExecuted="0" disconnected="0" warning="0" completed="0" inProgress="0" pending="0" />
  </ResultSummary>
  <TestDefinitions>
    <UnitTest name="About" storage="c:\users\silchu\documents\visual studio 2010\projects\dae-prode\dae-prode.tests\bin\debug\dae-prode.tests.dll" id="0fb29272-df25-0702-5e1f-30eaaa2cfaca">
      <Execution id="77a25df0-5acd-47a5-80d8-b0aea28f74e8" />
      <TestMethod codeBase="c:/users/silchu/documents/visual studio 2010/Projects/DAE-Prode/DAE-Prode.Tests/bin/Debug/DAE-Prode.Tests.DLL" adapterTypeName="Microsoft.VisualStudio.TestTools.TestTypes.Unit.UnitTestAdapter, Microsoft.VisualStudio.QualityTools.Tips.UnitTest.Adapter, Version=10.0.0.0, Culture=neutral, PublicKeyToken=b03f5f7f11d50a3a" className="DAE_Prode.Tests.Controllers.Home2ControllerTest, DAE-Prode.Tests, Version=1.0.0.0, Culture=neutral, PublicKeyToken=null" name="About" />
    </UnitTest>
    <UnitTest name="About" storage="c:\users\silchu\documents\visual studio 2010\projects\dae-prode\dae-prode.tests\bin\debug\dae-prode.tests.dll" id="a29a10fa-36e9-0647-2204-92b9feb66aaa">
      <Execution id="f55fc191-cd0e-4735-8ca9-960764abe752" />
      <TestMethod codeBase="c:/users/silchu/documents/visual studio 2010/Projects/DAE-Prode/DAE-Prode.Tests/bin/Debug/DAE-Prode.Tests.DLL" adapterTypeName="Microsoft.VisualStudio.TestTools.TestTypes.Unit.UnitTestAdapter, Microsoft.VisualStudio.QualityTools.Tips.UnitTest.Adapter, Version=10.0.0.0, Culture=neutral, PublicKeyToken=b03f5f7f11d50a3a" className="DAE_Prode.Tests.Controllers.HomeControllerTest, DAE-Prode.Tests, Version=1.0.0.0, Culture=neutral, PublicKeyToken=null" name="About" />
    </UnitTest>
    <UnitTest name="Index" storage="c:\users\silchu\documents\visual studio 2010\projects\dae-prode\dae-prode.tests\bin\debug\dae-prode.tests.dll" id="4489632b-6ac8-62dc-15c0-186db1c528e5">
      <Execution id="20700a41-80b6-498d-8c77-357bcdcc7e00" />
      <TestMethod codeBase="c:/users/silchu/documents/visual studio 2010/Projects/DAE-Prode/DAE-Prode.Tests/bin/Debug/DAE-Prode.Tests.DLL" adapterTypeName="Microsoft.VisualStudio.TestTools.TestTypes.Unit.UnitTestAdapter, Microsoft.VisualStudio.QualityTools.Tips.UnitTest.Adapter, Version=10.0.0.0, Culture=neutral, PublicKeyToken=b03f5f7f11d50a3a" className="DAE_Prode.Tests.Controllers.HomeControllerTest, DAE-Prode.Tests, Version=1.0.0.0, Culture=neutral, PublicKeyToken=null" name="Index" />
    </UnitTest>
    <UnitTest name="Index" storage="c:\users\silchu\documents\visual studio 2010\projects\dae-prode\dae-prode.tests\bin\debug\dae-prode.tests.dll" id="0aa1b84c-924b-659b-e51f-7fbe5012ffdd">
      <Execution id="492bedce-f486-4386-8760-ff3a660e9711" />
      <TestMethod codeBase="c:/users/silchu/documents/visual studio 2010/Projects/DAE-Prode/DAE-Prode.Tests/bin/Debug/DAE-Prode.Tests.DLL" adapterTypeName="Microsoft.VisualStudio.TestTools.TestTypes.Unit.UnitTestAdapter, Microsoft.VisualStudio.QualityTools.Tips.UnitTest.Adapter, Version=10.0.0.0, Culture=neutral, PublicKeyToken=b03f5f7f11d50a3a" className="DAE_Prode.Tests.Controllers.Home2ControllerTest, DAE-Prode.Tests, Version=1.0.0.0, Culture=neutral, PublicKeyToken=null" name="Index" />
    </UnitTest>
  </TestDefinitions>
  <TestLists>
    <TestList name="Results Not in a List" id="8c84fa94-04c1-424b-9868-57a2d4851a1d" />
    <TestList name="All Loaded Results" id="19431567-8539-422a-85d7-44ee4e166bda" />
  </TestLists>
  <TestEntries>
    <TestEntry testId="4489632b-6ac8-62dc-15c0-186db1c528e5" executionId="20700a41-80b6-498d-8c77-357bcdcc7e00" testListId="8c84fa94-04c1-424b-9868-57a2d4851a1d" />
    <TestEntry testId="a29a10fa-36e9-0647-2204-92b9feb66aaa" executionId="f55fc191-cd0e-4735-8ca9-960764abe752" testListId="8c84fa94-04c1-424b-9868-57a2d4851a1d" />
    <TestEntry testId="0aa1b84c-924b-659b-e51f-7fbe5012ffdd" executionId="492bedce-f486-4386-8760-ff3a660e9711" testListId="8c84fa94-04c1-424b-9868-57a2d4851a1d" />
    <TestEntry testId="0fb29272-df25-0702-5e1f-30eaaa2cfaca" executionId="77a25df0-5acd-47a5-80d8-b0aea28f74e8" testListId="8c84fa94-04c1-424b-9868-57a2d4851a1d" />
  </TestEntries>
  <Results>
    <UnitTestResult executionId="20700a41-80b6-498d-8c77-357bcdcc7e00" testId="4489632b-6ac8-62dc-15c0-186db1c528e5" testName="Index" computerName="NOTE" duration="00:00:00.2859458" startTime="2012-04-15T13:20:11.3293029-03:00" endTime="2012-04-15T13:20:12.6683795-03:00" testType="13cdc9d9-ddb5-4fa4-a97d-d965ccfc6d4b" outcome="Passed" testListId="8c84fa94-04c1-424b-9868-57a2d4851a1d" relativeResultsDirectory="20700a41-80b6-498d-8c77-357bcdcc7e00">
    </UnitTestResult>
    <UnitTestResult executionId="f55fc191-cd0e-4735-8ca9-960764abe752" testId="a29a10fa-36e9-0647-2204-92b9feb66aaa" testName="About" computerName="NOTE" duration="00:00:00.0005266" startTime="2012-04-15T13:20:12.6873806-03:00" endTime="2012-04-15T13:20:12.7033815-03:00" testType="13cdc9d9-ddb5-4fa4-a97d-d965ccfc6d4b" outcome="Passed" testListId="8c84fa94-04c1-424b-9868-57a2d4851a1d" relativeResultsDirectory="f55fc191-cd0e-4735-8ca9-960764abe752">
    </UnitTestResult>
    <UnitTestResult executionId="492bedce-f486-4386-8760-ff3a660e9711" testId="0aa1b84c-924b-659b-e51f-7fbe5012ffdd" testName="Index" computerName="NOTE" duration="00:00:00.0310095" startTime="2012-04-15T13:20:12.7193824-03:00" endTime="2012-04-15T13:20:12.7663851-03:00" testType="13cdc9d9-ddb5-4fa4-a97d-d965ccfc6d4b" outcome="Passed" testListId="8c84fa94-04c1-424b-9868-57a2d4851a1d" relativeResultsDirectory="492bedce-f486-4386-8760-ff3a660e9711">
    </UnitTestResult>
    <UnitTestResult executionId="77a25df0-5acd-47a5-80d8-b0aea28f74e8" testId="0fb29272-df25-0702-5e1f-30eaaa2cfaca" testName="About" computerName="NOTE" duration="00:00:00.0003007" startTime="2012-04-15T13:20:12.7793859-03:00" endTime="2012-04-15T13:20:12.8033872-03:00" testType="13cdc9d9-ddb5-4fa4-a97d-d965ccfc6d4b" outcome="Passed" testListId="8c84fa94-04c1-424b-9868-57a2d4851a1d" relativeResultsDirectory="77a25df0-5acd-47a5-80d8-b0aea28f74e8">
    </UnitTestResult>
  </Results>
</TestRun>